// Jest Snapshot v1, https://goo.gl/fbAQLP

exports[`Wrapper component should render successfully 1`] = `
<div
  className="o-wrapper"
>
  <Header />
  <main
    className="o-main"
  >
    Test content
  </main>
  <Footer />
</div>
`;
